=== cuMES — CUDA Magnetic Equilibrium Solver ===
input: /lustre/qzhong/magnetic-equilibrium-solver/cumes-materials/slides/cumes-optimization/data/local/input-w7x-single.json
precision: double
mpol=12 ntor=12 nfp=5 ntheta=30 nzeta=36 nZnT=1080 ncurr=1
grids=1: ns99 (niter 5000, ftol 1e-12)
  restart_state: uploaded checkpoint + LCFS/axis patch

=== grid stage 1/1: ns=99 mnmax=156 max_iter=5000 ftol=1e-12 delt=1 ===
  profiles: ns=99 phip=2.769296e-01 lamscale=2.769296e-01 maxToroidalFlux=2.769296e-01
knobs: max_iter=5000 delt0=1.000 dtau_floor=0.000e+00

 ITER |    FSQR        FSQZ        FSQL    |   DELT
------+------------------------------------+----------
  -> CONVERGED at iter 1
    1 |   9.997e-13   2.818e-13   1.299e-13 | 1.00e+00 | Rax=6.0091 Rbnd=5.5586
transform timing: unavailable during CUDA Graph replay
  device time: 28.573 ms
  stage arena: 135 spans, peak 69318728 bytes (66.11 MiB), reserved 69367224 bytes
total device time: 28.573 ms
Saved .bin state to /lustre/qzhong/magnetic-equilibrium-solver/tmp/cumes-optimization-slides-20260907/w7x-replay.bin

========================================
  Solver Result
========================================
  Status:     CONVERGED
  Iterations: 1
  FSQR:       9.997e-13
  FSQZ:       2.818e-13
  FSQL:       1.299e-13

  R_00 radial profile:
  j  |  R_00
  ---+--------
   0 |   5.644875
   1 |   5.643930
   2 |   5.642913
   3 |   5.641876
   4 |   5.640837
   5 |   5.639803
   6 |   5.638777
   7 |   5.637760
   8 |   5.636751
   9 |   5.635748
  10 |   5.634752
  11 |   5.633762
  12 |   5.632777
  13 |   5.631796
  14 |   5.630819
  15 |   5.629847
  16 |   5.628879
  17 |   5.627914
  18 |   5.626954
  19 |   5.625997
  20 |   5.625043
  21 |   5.624094
  22 |   5.623148
  23 |   5.622206
  24 |   5.621267
  25 |   5.620332
  26 |   5.619401
  27 |   5.618473
  28 |   5.617549
  29 |   5.616629
  30 |   5.615712
  31 |   5.614800
  32 |   5.613891
  33 |   5.612985
  34 |   5.612084
  35 |   5.611186
  36 |   5.610292
  37 |   5.609402
  38 |   5.608515
  39 |   5.607632
  40 |   5.606752
  41 |   5.605876
  42 |   5.605004
  43 |   5.604135
  44 |   5.603269
  45 |   5.602407
  46 |   5.601548
  47 |   5.600692
  48 |   5.599839
  49 |   5.598989
  50 |   5.598142
  51 |   5.597298
  52 |   5.596456
  53 |   5.595617
  54 |   5.594780
  55 |   5.593946
  56 |   5.593113
  57 |   5.592283
  58 |   5.591455
  59 |   5.590629
  60 |   5.589804
  61 |   5.588981
  62 |   5.588160
  63 |   5.587339
  64 |   5.586520
  65 |   5.585702
  66 |   5.584885
  67 |   5.584068
  68 |   5.583252
  69 |   5.582437
  70 |   5.581622
  71 |   5.580807
  72 |   5.579992
  73 |   5.579177
  74 |   5.578362
  75 |   5.577547
  76 |   5.576732
  77 |   5.575916
  78 |   5.575100
  79 |   5.574284
  80 |   5.573466
  81 |   5.572648
  82 |   5.571830
  83 |   5.571010
  84 |   5.570190
  85 |   5.569369
  86 |   5.568547
  87 |   5.567724
  88 |   5.566900
  89 |   5.566075
  90 |   5.565249
  91 |   5.564422
  92 |   5.563593
  93 |   5.562764
  94 |   5.561933
  95 |   5.561101
  96 |   5.560269
  97 |   5.559435
  98 |   5.558600

  Axis (j=0) and Boundary (j=98):
  Mode | m  n |   rmncc(ax)  rmncc(bdy)  zmnsc(ax)  zmnsc(bdy)
  ------+-------+-------------------------------------------
     0 | 0 0 |   5.644875   5.558600   0.000000   0.000000
     1 | 0 1 |   0.351756   0.264470   0.000000   0.000000
     2 | 0 2 |   0.012218   0.001695   0.000000   0.000000
     3 | 0 3 |   0.000625  -0.000947   0.000000   0.000000
     4 | 0 4 |  -0.000323  -0.001762   0.000000   0.000000
     5 | 0 5 |  -0.000015   0.000046   0.000000   0.000000
     6 | 0 6 |  -0.000088  -0.000234   0.000000   0.000000
     7 | 0 7 |   0.000066   0.000000   0.000000   0.000000
     8 | 0 8 |   0.000021   0.000000   0.000000   0.000000
     9 | 0 9 |  -0.000007   0.000000   0.000000   0.000000
    10 | 0 10 |  -0.000001   0.000000   0.000000   0.000000
    11 | 0 11 |   0.000001   0.000000   0.000000   0.000000

Done.
