=== cuMES — CUDA Magnetic Equilibrium Solver ===
input: /lustre/qzhong/magnetic-equilibrium-solver/cumes-materials/slides/cumes-optimization/data/local/input-w7x-multigrid.json
precision: double
mpol=12 ntor=12 nfp=5 ntheta=30 nzeta=36 nZnT=1080 ncurr=1
grids=3: ns33->66->99 (niter 3000 4000 5000, ftol 1e-12 1e-12 1e-12)
  init_state: regular boundary/axis interpolation (m>0 s^(m/2), envelope=0.12, lambda=0)

=== grid stage 1/3: ns=33 mnmax=156 max_iter=3000 ftol=1e-12 delt=1 ===
  profiles: ns=33 phip=2.769296e-01 lamscale=2.769296e-01 maxToroidalFlux=2.769296e-01
knobs: max_iter=3000 delt0=1.000 dtau_floor=0.000e+00

 ITER |    FSQR        FSQZ        FSQL    |   DELT
------+------------------------------------+----------
  -> BAD JACOBIAN (invalid √g: min(signJ·√g)=-2.359e+00 max|√g|=9.160e+00 nonfinite=0 at jH=6) delt=9.000e-01
    4 |   1.000e+00   1.000e+00   1.000e+00 | 9.00e-01 | Rax=6.0916 Rbnd=5.5586
  -> BAD JACOBIAN (invalid √g: min(signJ·√g)=-1.996e+00 max|√g|=7.374e+00 nonfinite=0 at jH=6) delt=8.100e-01
    8 |   1.000e+00   1.000e+00   1.000e+00 | 8.10e-01 | Rax=5.9305 Rbnd=5.5586
  -> BAD JACOBIAN (iter2=15) delt=7.290e-01
   15 |   3.244e+09   4.272e+08   1.828e+02 | 7.29e-01 | Rax=5.9471 Rbnd=5.5586
  -> BAD PROGRESS (iter2=55) delt=7.078e-01
   55 |   1.982e-01   4.549e-02   7.249e-03 | 7.08e-01 | Rax=5.9676 Rbnd=5.5586
  -> BAD PROGRESS (iter2=68) delt=6.872e-01
   68 |   2.007e-02   4.600e-03   7.338e-04 | 6.87e-01 | Rax=5.9707 Rbnd=5.5586
  -> BAD PROGRESS (iter2=81) delt=6.671e-01
   81 |   2.477e-02   5.622e-03   7.226e-04 | 6.67e-01 | Rax=5.9704 Rbnd=5.5586
  181 |   2.373e-06   6.348e-07   3.200e-07 | 6.67e-01 | Rax=5.9914 Rbnd=5.5586
  281 |   6.111e-08   1.688e-08   1.563e-08 | 6.67e-01 | Rax=6.0006 Rbnd=5.5586
  381 |   5.668e-09   1.749e-09   2.621e-09 | 7.34e-01 | Rax=6.0043 Rbnd=5.5586
  481 |   1.188e-09   4.601e-10   8.192e-10 | 7.34e-01 | Rax=6.0068 Rbnd=5.5586
  581 |   3.738e-10   1.502e-10   2.908e-10 | 7.34e-01 | Rax=6.0081 Rbnd=5.5586
  681 |   1.346e-10   5.535e-11   1.249e-10 | 7.34e-01 | Rax=6.0086 Rbnd=5.5586
  781 |   5.970e-11   2.175e-11   5.067e-11 | 7.34e-01 | Rax=6.0088 Rbnd=5.5586
  881 |   2.631e-11   8.378e-12   1.987e-11 | 7.34e-01 | Rax=6.0088 Rbnd=5.5586
  981 |   1.108e-11   3.415e-12   8.327e-12 | 7.34e-01 | Rax=6.0088 Rbnd=5.5586
 1081 |   4.842e-12   1.398e-12   3.536e-12 | 7.34e-01 | Rax=6.0088 Rbnd=5.5586
 1181 |   2.236e-12   5.680e-13   1.471e-12 | 7.34e-01 | Rax=6.0088 Rbnd=5.5586
 1281 |   1.203e-12   2.864e-13   5.994e-13 | 7.34e-01 | Rax=6.0088 Rbnd=5.5586
  -> CONVERGED at iter 1315
 1315 |   9.973e-13   2.322e-13   4.351e-13 | 7.34e-01 | Rax=6.0088 Rbnd=5.5586
transform timing: unavailable during CUDA Graph replay
  device time: 981.915 ms
  stage arena: 135 spans, peak 23034776 bytes (21.97 MiB), reserved 23084328 bytes

=== grid stage 2/3: ns=66 mnmax=156 max_iter=4000 ftol=1e-12 delt=1 ===
  interpolateState: ns=33 -> ns=66 (cubic B-spline matrix on GPU, scalxc-scaled odd-m)
  profiles: ns=66 phip=2.769296e-01 lamscale=2.769296e-01 maxToroidalFlux=2.769296e-01
knobs: max_iter=4000 delt0=1.000 dtau_floor=0.000e+00

 ITER |    FSQR        FSQZ        FSQL    |   DELT
------+------------------------------------+----------
  -> BAD JACOBIAN (iter2=5) delt=9.000e-01
    5 |   2.788e-03   1.337e-03   1.362e-05 | 9.00e-01 | Rax=6.0088 Rbnd=5.5586
  -> BAD JACOBIAN (iter2=10) delt=8.100e-01
   10 |   6.101e-03   2.857e-03   2.168e-05 | 8.10e-01 | Rax=6.0088 Rbnd=5.5586
  -> BAD JACOBIAN (iter2=16) delt=7.290e-01
   16 |   2.751e-03   1.280e-03   1.125e-05 | 7.29e-01 | Rax=6.0088 Rbnd=5.5586
  -> BAD JACOBIAN (iter2=24) delt=6.561e-01
   24 |   5.760e-04   2.574e-04   4.847e-06 | 6.56e-01 | Rax=6.0088 Rbnd=5.5586
  124 |   1.030e-08   3.895e-09   3.452e-10 | 6.56e-01 | Rax=6.0089 Rbnd=5.5586
  224 |   6.823e-10   2.744e-10   2.452e-11 | 6.56e-01 | Rax=6.0090 Rbnd=5.5586
  -> BAD JACOBIAN (iter2=283) delt=6.495e-01
  283 |   2.365e-09   1.028e-09   1.826e-11 | 6.50e-01 | Rax=6.0090 Rbnd=5.5586
  383 |   2.043e-11   5.884e-12   6.808e-12 | 6.50e-01 | Rax=6.0090 Rbnd=5.5586
  483 |   1.200e-11   3.388e-12   4.181e-12 | 6.50e-01 | Rax=6.0090 Rbnd=5.5586
  583 |   9.137e-12   2.382e-12   2.696e-12 | 6.50e-01 | Rax=6.0090 Rbnd=5.5586
  683 |   7.658e-12   1.714e-12   1.894e-12 | 6.50e-01 | Rax=6.0090 Rbnd=5.5586
  783 |   6.390e-12   1.374e-12   1.446e-12 | 6.50e-01 | Rax=6.0090 Rbnd=5.5586
  883 |   5.309e-12   1.106e-12   1.063e-12 | 6.50e-01 | Rax=6.0090 Rbnd=5.5586
  983 |   4.155e-12   8.333e-13   7.143e-13 | 6.50e-01 | Rax=6.0090 Rbnd=5.5586
 1083 |   3.182e-12   6.198e-13   5.156e-13 | 6.50e-01 | Rax=6.0090 Rbnd=5.5586
 1183 |   2.414e-12   4.652e-13   4.287e-13 | 6.50e-01 | Rax=6.0090 Rbnd=5.5586
 1283 |   1.752e-12   3.478e-13   3.616e-13 | 6.50e-01 | Rax=6.0091 Rbnd=5.5586
 1383 |   1.189e-12   2.410e-13   2.880e-13 | 6.50e-01 | Rax=6.0091 Rbnd=5.5586
  -> CONVERGED at iter 1419
 1419 |   9.977e-13   2.068e-13   2.585e-13 | 6.50e-01 | Rax=6.0091 Rbnd=5.5586
transform timing: unavailable during CUDA Graph replay
  device time: 1679.119 ms
  stage arena: 135 spans, peak 46176760 bytes (44.04 MiB), reserved 46225776 bytes

=== grid stage 3/3: ns=99 mnmax=156 max_iter=5000 ftol=1e-12 delt=1 ===
  interpolateState: ns=66 -> ns=99 (cubic B-spline matrix on GPU, scalxc-scaled odd-m)
  profiles: ns=99 phip=2.769296e-01 lamscale=2.769296e-01 maxToroidalFlux=2.769296e-01
knobs: max_iter=5000 delt0=1.000 dtau_floor=0.000e+00

 ITER |    FSQR        FSQZ        FSQL    |   DELT
------+------------------------------------+----------
  -> BAD JACOBIAN (iter2=5) delt=9.000e-01
    5 |   1.348e-03   6.574e-04   2.493e-06 | 9.00e-01 | Rax=6.0091 Rbnd=5.5586
  -> BAD JACOBIAN (iter2=9) delt=8.100e-01
    9 |   1.847e-04   8.951e-05   7.301e-07 | 8.10e-01 | Rax=6.0091 Rbnd=5.5586
  -> BAD JACOBIAN (iter2=14) delt=7.290e-01
   14 |   5.134e-04   2.453e-04   1.137e-06 | 7.29e-01 | Rax=6.0091 Rbnd=5.5586
  -> BAD JACOBIAN (iter2=20) delt=6.561e-01
   20 |   3.395e-04   1.617e-04   8.179e-07 | 6.56e-01 | Rax=6.0091 Rbnd=5.5586
  -> BAD JACOBIAN (iter2=27) delt=5.905e-01
   27 |   3.444e-05   1.787e-05   3.361e-07 | 5.90e-01 | Rax=6.0091 Rbnd=5.5586
  -> BAD JACOBIAN (iter2=46) delt=5.314e-01
   46 |   2.756e-05   1.345e-05   1.864e-07 | 5.31e-01 | Rax=6.0091 Rbnd=5.5586
  146 |   2.172e-09   1.345e-09   6.533e-11 | 5.31e-01 | Rax=6.0091 Rbnd=5.5586
  246 |   1.899e-10   1.079e-10   5.806e-12 | 5.31e-01 | Rax=6.0091 Rbnd=5.5586
  -> BAD JACOBIAN (iter2=330) delt=5.261e-01
  330 |   4.260e-10   1.972e-10   2.289e-12 | 5.26e-01 | Rax=6.0091 Rbnd=5.5586
  430 |   8.337e-12   2.838e-12   1.391e-12 | 5.26e-01 | Rax=6.0091 Rbnd=5.5586
  530 |   4.437e-12   1.307e-12   8.421e-13 | 5.26e-01 | Rax=6.0091 Rbnd=5.5586
  630 |   3.331e-12   9.291e-13   6.012e-13 | 5.26e-01 | Rax=6.0091 Rbnd=5.5586
  730 |   2.889e-12   7.511e-13   4.803e-13 | 5.26e-01 | Rax=6.0091 Rbnd=5.5586
  830 |   2.556e-12   6.387e-13   4.076e-13 | 5.26e-01 | Rax=6.0091 Rbnd=5.5586
  930 |   2.213e-12   5.588e-13   3.580e-13 | 5.26e-01 | Rax=6.0091 Rbnd=5.5586
 1030 |   1.951e-12   5.193e-13   3.134e-13 | 5.26e-01 | Rax=6.0091 Rbnd=5.5586
 1130 |   1.697e-12   4.712e-13   2.519e-13 | 5.26e-01 | Rax=6.0091 Rbnd=5.5586
 1230 |   1.404e-12   3.897e-13   1.952e-13 | 5.26e-01 | Rax=6.0091 Rbnd=5.5586
 1330 |   1.113e-12   3.076e-13   1.470e-13 | 5.26e-01 | Rax=6.0091 Rbnd=5.5586
  -> CONVERGED at iter 1372
 1372 |   9.997e-13   2.818e-13   1.299e-13 | 5.26e-01 | Rax=6.0091 Rbnd=5.5586
transform timing: unavailable during CUDA Graph replay
  device time: 2220.631 ms
  stage arena: 135 spans, peak 69318728 bytes (66.11 MiB), reserved 69367224 bytes
total device time: 4881.665 ms
Saved .bin state to /lustre/qzhong/magnetic-equilibrium-solver/tmp/cumes-optimization-slides-20260907/cli-w7x-multigrid-v1.2-3.bin

========================================
  Solver Result
========================================
  Status:     CONVERGED
  Iterations: 1372
  FSQR:       9.997e-13
  FSQZ:       2.818e-13
  FSQL:       1.299e-13

  R_00 radial profile:
  j  |  R_00
  ---+--------
   0 |   5.644875
   1 |   5.643930
   2 |   5.642913
   3 |   5.641876
   4 |   5.640837
   5 |   5.639803
   6 |   5.638777
   7 |   5.637760
   8 |   5.636751
   9 |   5.635748
  10 |   5.634752
  11 |   5.633762
  12 |   5.632777
  13 |   5.631796
  14 |   5.630819
  15 |   5.629847
  16 |   5.628879
  17 |   5.627914
  18 |   5.626954
  19 |   5.625997
  20 |   5.625043
  21 |   5.624094
  22 |   5.623148
  23 |   5.622206
  24 |   5.621267
  25 |   5.620332
  26 |   5.619401
  27 |   5.618473
  28 |   5.617549
  29 |   5.616629
  30 |   5.615712
  31 |   5.614800
  32 |   5.613891
  33 |   5.612985
  34 |   5.612084
  35 |   5.611186
  36 |   5.610292
  37 |   5.609402
  38 |   5.608515
  39 |   5.607632
  40 |   5.606752
  41 |   5.605876
  42 |   5.605004
  43 |   5.604135
  44 |   5.603269
  45 |   5.602407
  46 |   5.601548
  47 |   5.600692
  48 |   5.599839
  49 |   5.598989
  50 |   5.598142
  51 |   5.597298
  52 |   5.596456
  53 |   5.595617
  54 |   5.594780
  55 |   5.593946
  56 |   5.593113
  57 |   5.592283
  58 |   5.591455
  59 |   5.590629
  60 |   5.589804
  61 |   5.588981
  62 |   5.588160
  63 |   5.587339
  64 |   5.586520
  65 |   5.585702
  66 |   5.584885
  67 |   5.584068
  68 |   5.583252
  69 |   5.582437
  70 |   5.581622
  71 |   5.580807
  72 |   5.579992
  73 |   5.579177
  74 |   5.578362
  75 |   5.577547
  76 |   5.576732
  77 |   5.575916
  78 |   5.575100
  79 |   5.574284
  80 |   5.573466
  81 |   5.572648
  82 |   5.571830
  83 |   5.571010
  84 |   5.570190
  85 |   5.569369
  86 |   5.568547
  87 |   5.567724
  88 |   5.566900
  89 |   5.566075
  90 |   5.565249
  91 |   5.564422
  92 |   5.563593
  93 |   5.562764
  94 |   5.561933
  95 |   5.561101
  96 |   5.560269
  97 |   5.559435
  98 |   5.558600

  Axis (j=0) and Boundary (j=98):
  Mode | m  n |   rmncc(ax)  rmncc(bdy)  zmnsc(ax)  zmnsc(bdy)
  ------+-------+-------------------------------------------
     0 | 0 0 |   5.644875   5.558600   0.000000   0.000000
     1 | 0 1 |   0.351756   0.264470   0.000000   0.000000
     2 | 0 2 |   0.012218   0.001695   0.000000   0.000000
     3 | 0 3 |   0.000625  -0.000947   0.000000   0.000000
     4 | 0 4 |  -0.000323  -0.001762   0.000000   0.000000
     5 | 0 5 |  -0.000015   0.000046   0.000000   0.000000
     6 | 0 6 |  -0.000088  -0.000234   0.000000   0.000000
     7 | 0 7 |   0.000066   0.000000   0.000000   0.000000
     8 | 0 8 |   0.000021   0.000000   0.000000   0.000000
     9 | 0 9 |  -0.000007   0.000000   0.000000   0.000000
    10 | 0 10 |  -0.000001   0.000000   0.000000   0.000000
    11 | 0 11 |   0.000001   0.000000   0.000000   0.000000
multigrid: total effective iterations over 3 grids = 4106

Done.
