=== cuMES — CUDA Magnetic Equilibrium Solver ===
input: /lustre/qzhong/magnetic-equilibrium-solver/cumes-materials/slides/cumes-optimization/data/local/input-solovev-multigrid.json
precision: double
mpol=6 ntor=0 nfp=1 ntheta=18 nzeta=1 nZnT=18 ncurr=0
grids=3: ns5->11->55 (niter 1000 2000 2000, ftol 1e-16 1e-16 1e-16)
  init_state: regular boundary/axis interpolation (m>0 s^(m/2), envelope=-0.07, lambda=0.65)

=== grid stage 1/3: ns=5 mnmax=6 max_iter=1000 ftol=1e-16 delt=1.02 ===
  profiles: ns=5 phip=-1.591549e-01 lamscale=1.591549e-01 maxToroidalFlux=-1.591549e-01
knobs: max_iter=1000 delt0=1.020 dtau_floor=0.000e+00

 ITER |    FSQR        FSQZ        FSQL    |   DELT
------+------------------------------------+----------
  -> BAD JACOBIAN (iter2=3) delt=9.180e-01
    3 |   3.147e-02   9.904e-03   2.525e-03 | 9.18e-01 | Rax=3.9347 Rbnd=3.9990
  103 |   3.648e-08   1.573e-08   6.375e-09 | 9.18e-01 | Rax=3.9942 Rbnd=3.9990
  203 |   3.148e-14   1.674e-14   3.398e-15 | 9.18e-01 | Rax=3.9943 Rbnd=3.9990
  -> CONVERGED at iter 235
  235 |   7.501e-17   6.007e-17   3.171e-17 | 9.18e-01 | Rax=3.9943 Rbnd=3.9990
transform timing: unavailable during CUDA Graph replay
  device time: 33.090 ms
  stage arena: 135 spans, peak 65536 bytes (0.06 MiB), reserved 130592 bytes

=== grid stage 2/3: ns=11 mnmax=6 max_iter=2000 ftol=1e-16 delt=1.08 ===
  interpolateState: ns=5 -> ns=11 (cubic B-spline matrix on GPU, scalxc-scaled odd-m)
  profiles: ns=11 phip=-1.591549e-01 lamscale=1.591549e-01 maxToroidalFlux=-1.591549e-01
knobs: max_iter=2000 delt0=1.080 dtau_floor=0.000e+00

 ITER |    FSQR        FSQZ        FSQL    |   DELT
------+------------------------------------+----------
  100 |   4.948e-11   1.985e-11   2.078e-12 | 1.08e+00 | Rax=3.9909 Rbnd=3.9990
  -> CONVERGED at iter 193
  193 |   9.760e-17   3.904e-17   7.284e-18 | 1.08e+00 | Rax=3.9909 Rbnd=3.9990
transform timing: unavailable during CUDA Graph replay
  device time: 24.416 ms
  stage arena: 135 spans, peak 142192 bytes (0.14 MiB), reserved 207152 bytes

=== grid stage 3/3: ns=55 mnmax=6 max_iter=2000 ftol=1e-16 delt=1.08 ===
  interpolateState: ns=11 -> ns=55 (cubic B-spline matrix on GPU, scalxc-scaled odd-m)
  profiles: ns=55 phip=-1.591549e-01 lamscale=1.591549e-01 maxToroidalFlux=-1.591549e-01
knobs: max_iter=2000 delt0=1.080 dtau_floor=0.000e+00

 ITER |    FSQR        FSQZ        FSQL    |   DELT
------+------------------------------------+----------
  100 |   4.087e-11   8.009e-12   8.309e-13 | 1.08e+00 | Rax=3.9895 Rbnd=3.9990
  200 |   5.463e-14   5.503e-15   4.491e-16 | 1.08e+00 | Rax=3.9894 Rbnd=3.9990
  300 |   4.672e-16   2.556e-17   1.575e-19 | 1.08e+00 | Rax=3.9894 Rbnd=3.9990
  -> CONVERGED at iter 326
  326 |   9.972e-17   5.409e-18   9.511e-21 | 1.08e+00 | Rax=3.9894 Rbnd=3.9990
transform timing: unavailable during CUDA Graph replay
  device time: 43.351 ms
  stage arena: 135 spans, peak 704432 bytes (0.67 MiB), reserved 768688 bytes
total device time: 100.857 ms
Saved .bin state to /lustre/qzhong/magnetic-equilibrium-solver/tmp/cumes-optimization-slides-20260907/cli-solovev-multigrid-v1.2-1.bin

========================================
  Solver Result
========================================
  Status:     CONVERGED
  Iterations: 326
  FSQR:       9.972e-17
  FSQZ:       5.409e-18
  FSQL:       9.511e-21

  R_00 radial profile:
  j  |  R_00
  ---+--------
   0 |   3.989396
   1 |   3.989454
   2 |   3.989612
   3 |   3.989769
   4 |   3.989937
   5 |   3.990111
   6 |   3.990290
   7 |   3.990472
   8 |   3.990655
   9 |   3.990838
  10 |   3.991023
  11 |   3.991207
  12 |   3.991392
  13 |   3.991576
  14 |   3.991761
  15 |   3.991945
  16 |   3.992130
  17 |   3.992314
  18 |   3.992498
  19 |   3.992682
  20 |   3.992866
  21 |   3.993050
  22 |   3.993234
  23 |   3.993417
  24 |   3.993600
  25 |   3.993783
  26 |   3.993966
  27 |   3.994149
  28 |   3.994332
  29 |   3.994514
  30 |   3.994696
  31 |   3.994878
  32 |   3.995060
  33 |   3.995241
  34 |   3.995423
  35 |   3.995604
  36 |   3.995785
  37 |   3.995966
  38 |   3.996146
  39 |   3.996326
  40 |   3.996506
  41 |   3.996686
  42 |   3.996866
  43 |   3.997045
  44 |   3.997224
  45 |   3.997403
  46 |   3.997581
  47 |   3.997760
  48 |   3.997938
  49 |   3.998115
  50 |   3.998293
  51 |   3.998470
  52 |   3.998647
  53 |   3.998824
  54 |   3.999000

  Axis (j=0) and Boundary (j=54):
  Mode | m  n |   rmncc(ax)  rmncc(bdy)  zmnsc(ax)  zmnsc(bdy)
  ------+-------+-------------------------------------------
     0 | 0 0 |   3.989396   3.999000   0.000000   0.000000
     1 | 1 0 |   0.137171   1.026000   0.211472   1.580000
     2 | 2 0 |  -0.000000  -0.068000   0.000000   0.010000
     3 | 3 0 |   0.000000   0.000000   0.000000   0.000000
     4 | 4 0 |   0.000000   0.000000   0.000000   0.000000
     5 | 5 0 |   0.000000   0.000000   0.000000   0.000000
multigrid: total effective iterations over 3 grids = 754

Done.
