=== cuMES — CUDA Magnetic Equilibrium Solver ===
input: /lustre/qzhong/magnetic-equilibrium-solver/cumes-materials/slides/cumes-optimization/data/local/input-solovev-single.json
precision: double
mpol=6 ntor=0 nfp=1 ntheta=18 nzeta=1 nZnT=18 ncurr=0
grids=1: ns55 (niter 2000, ftol 1e-16)
  init_state: regular boundary/axis interpolation (m>0 s^(m/2), envelope=0, lambda=0.65)

=== grid stage 1/1: ns=55 mnmax=6 max_iter=2000 ftol=1e-16 delt=1.05 ===
  profiles: ns=55 phip=-1.591549e-01 lamscale=1.591549e-01 maxToroidalFlux=-1.591549e-01
knobs: max_iter=2000 delt0=1.050 dtau_floor=0.000e+00

 ITER |    FSQR        FSQZ        FSQL    |   DELT
------+------------------------------------+----------
  100 |   2.705e-08   1.666e-08   9.822e-09 | 1.05e+00 | Rax=3.9892 Rbnd=3.9990
  200 |   7.586e-13   3.788e-14   4.508e-14 | 1.05e+00 | Rax=3.9894 Rbnd=3.9990
  300 |   1.445e-15   7.989e-17   1.705e-17 | 1.05e+00 | Rax=3.9894 Rbnd=3.9990
  -> CONVERGED at iter 354
  354 |   9.835e-17   6.280e-18   2.302e-19 | 1.05e+00 | Rax=3.9894 Rbnd=3.9990
transform timing: unavailable during CUDA Graph replay
  device time: 50.761 ms
  stage arena: 135 spans, peak 704432 bytes (0.67 MiB), reserved 768688 bytes
total device time: 50.761 ms
Saved .bin state to /lustre/qzhong/magnetic-equilibrium-solver/tmp/cumes-optimization-slides-20260907/cli-solovev-single-v1.2-1.bin

========================================
  Solver Result
========================================
  Status:     CONVERGED
  Iterations: 354
  FSQR:       9.835e-17
  FSQZ:       6.280e-18
  FSQL:       2.302e-19

  R_00 radial profile:
  j  |  R_00
  ---+--------
   0 |   3.989396
   1 |   3.989454
   2 |   3.989612
   3 |   3.989769
   4 |   3.989937
   5 |   3.990111
   6 |   3.990290
   7 |   3.990472
   8 |   3.990655
   9 |   3.990838
  10 |   3.991023
  11 |   3.991207
  12 |   3.991392
  13 |   3.991576
  14 |   3.991761
  15 |   3.991945
  16 |   3.992130
  17 |   3.992314
  18 |   3.992498
  19 |   3.992682
  20 |   3.992866
  21 |   3.993050
  22 |   3.993234
  23 |   3.993417
  24 |   3.993600
  25 |   3.993783
  26 |   3.993966
  27 |   3.994149
  28 |   3.994332
  29 |   3.994514
  30 |   3.994696
  31 |   3.994878
  32 |   3.995060
  33 |   3.995241
  34 |   3.995423
  35 |   3.995604
  36 |   3.995785
  37 |   3.995966
  38 |   3.996146
  39 |   3.996326
  40 |   3.996506
  41 |   3.996686
  42 |   3.996866
  43 |   3.997045
  44 |   3.997224
  45 |   3.997403
  46 |   3.997581
  47 |   3.997760
  48 |   3.997938
  49 |   3.998115
  50 |   3.998293
  51 |   3.998470
  52 |   3.998647
  53 |   3.998824
  54 |   3.999000

  Axis (j=0) and Boundary (j=54):
  Mode | m  n |   rmncc(ax)  rmncc(bdy)  zmnsc(ax)  zmnsc(bdy)
  ------+-------+-------------------------------------------
     0 | 0 0 |   3.989396   3.999000   0.000000   0.000000
     1 | 1 0 |   0.137171   1.026000   0.211472   1.580000
     2 | 2 0 |  -0.000000  -0.068000   0.000000   0.010000
     3 | 3 0 |   0.000000   0.000000   0.000000   0.000000
     4 | 4 0 |   0.000000   0.000000   0.000000   0.000000
     5 | 5 0 |   0.000000   0.000000   0.000000   0.000000

Done.
