=== cuMES — CUDA Magnetic Equilibrium Solver ===
input: /lustre/qzhong/magnetic-equilibrium-solver/cumes-materials/slides/cumes-optimization/data/local/input-w7x-multigrid.json
precision: double
mpol=12 ntor=12 nfp=5 ntheta=30 nzeta=36 nZnT=1080 ncurr=1
grids=3: ns33->66->99 (niter 3000 4000 5000, ftol 1e-12 1e-12 1e-12)
  init_state: vmecpp interpFromBoundaryAndAxis (m>0 s^(m/2))

=== grid stage 1/3: ns=33 mnmax=156 max_iter=3000 ftol=1e-12 ===
  profiles: ns=33 phip=2.769296e-01 lamscale=2.769296e-01 maxToroidalFlux=2.769296e-01
knobs: max_iter=3000 delt0=1.000 dtau_floor=0.000e+00

 ITER |    FSQR        FSQZ        FSQL    |   DELT
------+------------------------------------+----------
  -> BAD JACOBIAN (invalid √g: min(signJ·√g)=-9.874e-01 max|√g|=6.092e+00 nonfinite=0 at jH=16) delt=9.000e-01
    4 |   1.000e+00   1.000e+00   1.000e+00 | 9.00e-01 | Rax=6.0300 Rbnd=5.5586
  -> BAD JACOBIAN (invalid √g: min(signJ·√g)=-8.227e-01 max|√g|=4.153e+00 nonfinite=0 at jH=15) delt=8.100e-01
    8 |   1.000e+00   1.000e+00   1.000e+00 | 8.10e-01 | Rax=5.9612 Rbnd=5.5586
  -> BAD JACOBIAN (invalid √g: min(signJ·√g)=-1.168e-01 max|√g|=2.403e+00 nonfinite=0 at jH=30) delt=7.290e-01
   48 |   1.000e+00   1.000e+00   1.000e+00 | 7.29e-01 | Rax=5.9884 Rbnd=5.5586
  -> BAD PROGRESS (iter2=61) delt=7.078e-01
   61 |   4.127e-02   1.497e-02   1.215e-03 | 7.08e-01 | Rax=5.9848 Rbnd=5.5586
  -> BAD PROGRESS (iter2=74) delt=6.872e-01
   74 |   2.009e-02   7.409e-03   6.830e-04 | 6.87e-01 | Rax=5.9845 Rbnd=5.5586
  -> BAD PROGRESS (iter2=87) delt=6.671e-01
   87 |   2.515e-02   1.007e-02   6.871e-04 | 6.67e-01 | Rax=5.9844 Rbnd=5.5586
  -> BAD PROGRESS (iter2=101) delt=6.477e-01
  101 |   9.402e-03   3.628e-03   1.255e-04 | 6.48e-01 | Rax=5.9855 Rbnd=5.5586
  -> BAD PROGRESS (iter2=114) delt=6.288e-01
  114 |   1.144e-02   4.538e-03   2.157e-04 | 6.29e-01 | Rax=5.9856 Rbnd=5.5586
  214 |   2.921e-07   9.068e-08   1.755e-07 | 6.29e-01 | Rax=5.9940 Rbnd=5.5586
  314 |   1.838e-08   4.908e-09   8.670e-09 | 6.29e-01 | Rax=6.0008 Rbnd=5.5586
  414 |   2.268e-09   7.301e-10   1.749e-09 | 6.29e-01 | Rax=6.0043 Rbnd=5.5586
  514 |   6.327e-10   2.103e-10   3.799e-10 | 6.29e-01 | Rax=6.0063 Rbnd=5.5586
  614 |   2.406e-10   6.773e-11   1.601e-10 | 6.29e-01 | Rax=6.0077 Rbnd=5.5586
  714 |   9.270e-11   2.825e-11   7.447e-11 | 6.29e-01 | Rax=6.0083 Rbnd=5.5586
  814 |   4.220e-11   1.578e-11   4.701e-11 | 6.29e-01 | Rax=6.0086 Rbnd=5.5586
  914 |   3.041e-11   9.897e-12   2.970e-11 | 6.29e-01 | Rax=6.0087 Rbnd=5.5586
 1014 |   1.999e-11   6.008e-12   1.750e-11 | 6.29e-01 | Rax=6.0088 Rbnd=5.5586
 1114 |   1.328e-11   3.841e-12   9.856e-12 | 6.29e-01 | Rax=6.0088 Rbnd=5.5586
 1214 |   1.016e-11   2.493e-12   5.531e-12 | 6.29e-01 | Rax=6.0087 Rbnd=5.5586
 1314 |   8.141e-12   1.629e-12   3.150e-12 | 6.29e-01 | Rax=6.0087 Rbnd=5.5586
 1414 |   5.987e-12   1.166e-12   1.998e-12 | 6.29e-01 | Rax=6.0087 Rbnd=5.5586
 1514 |   4.227e-12   8.407e-13   1.520e-12 | 6.29e-01 | Rax=6.0088 Rbnd=5.5586
 1614 |   3.029e-12   6.057e-13   1.174e-12 | 6.29e-01 | Rax=6.0088 Rbnd=5.5586
 1714 |   2.040e-12   4.035e-13   7.984e-13 | 6.29e-01 | Rax=6.0088 Rbnd=5.5586
 1814 |   1.311e-12   2.731e-13   5.160e-13 | 6.29e-01 | Rax=6.0088 Rbnd=5.5586
  -> CONVERGED at iter 1877
 1877 |   9.990e-13   2.002e-13   3.838e-13 | 6.29e-01 | Rax=6.0088 Rbnd=5.5586
transform timing: unavailable during CUDA Graph replay
  stage arena: 135 spans, peak 23034776 bytes (21.97 MiB), reserved 23084328 bytes

=== grid stage 2/3: ns=66 mnmax=156 max_iter=4000 ftol=1e-12 ===
  interpolateState: ns=33 -> ns=66 (linear in s, scalxc-scaled odd-m)
  profiles: ns=66 phip=2.769296e-01 lamscale=2.769296e-01 maxToroidalFlux=2.769296e-01
knobs: max_iter=4000 delt0=1.000 dtau_floor=0.000e+00

 ITER |    FSQR        FSQZ        FSQL    |   DELT
------+------------------------------------+----------
  -> BAD JACOBIAN (iter2=4) delt=9.000e-01
    4 |   1.530e-02   6.629e-03   3.212e-05 | 9.00e-01 | Rax=6.0088 Rbnd=5.5586
  -> BAD JACOBIAN (iter2=7) delt=8.100e-01
    7 |   3.748e-03   2.817e-03   7.368e-06 | 8.10e-01 | Rax=6.0088 Rbnd=5.5586
  -> BAD JACOBIAN (iter2=11) delt=7.290e-01
   11 |   6.303e-03   2.726e-03   1.121e-05 | 7.29e-01 | Rax=6.0088 Rbnd=5.5586
  -> BAD JACOBIAN (iter2=16) delt=6.561e-01
   16 |   4.724e-03   1.405e-03   3.972e-06 | 6.56e-01 | Rax=6.0088 Rbnd=5.5586
  116 |   1.266e-07   6.159e-08   1.999e-10 | 6.56e-01 | Rax=6.0089 Rbnd=5.5586
  216 |   3.133e-09   9.749e-10   1.920e-11 | 6.56e-01 | Rax=6.0090 Rbnd=5.5586
  316 |   4.883e-10   1.281e-10   6.815e-12 | 6.56e-01 | Rax=6.0090 Rbnd=5.5586
  416 |   1.076e-10   3.711e-11   3.465e-12 | 6.56e-01 | Rax=6.0090 Rbnd=5.5586
  516 |   6.498e-11   1.815e-11   2.240e-12 | 6.56e-01 | Rax=6.0090 Rbnd=5.5586
  616 |   3.186e-11   9.585e-12   1.753e-12 | 6.56e-01 | Rax=6.0090 Rbnd=5.5586
  716 |   2.879e-11   7.727e-12   1.508e-12 | 6.56e-01 | Rax=6.0090 Rbnd=5.5586
  816 |   2.084e-11   5.601e-12   1.165e-12 | 6.56e-01 | Rax=6.0090 Rbnd=5.5586
  916 |   1.382e-11   3.804e-12   8.175e-13 | 6.56e-01 | Rax=6.0090 Rbnd=5.5586
 1016 |   1.039e-11   2.664e-12   6.387e-13 | 6.56e-01 | Rax=6.0090 Rbnd=5.5586
 1116 |   6.593e-12   1.891e-12   5.064e-13 | 6.56e-01 | Rax=6.0090 Rbnd=5.5586
 1216 |   5.859e-12   1.522e-12   3.891e-13 | 6.56e-01 | Rax=6.0091 Rbnd=5.5586
 1316 |   4.306e-12   1.229e-12   2.802e-13 | 6.56e-01 | Rax=6.0091 Rbnd=5.5586
 1416 |   2.945e-12   8.862e-13   1.977e-13 | 6.56e-01 | Rax=6.0091 Rbnd=5.5586
 1516 |   1.876e-12   5.279e-13   1.326e-13 | 6.56e-01 | Rax=6.0091 Rbnd=5.5586
 1616 |   1.001e-12   2.898e-13   8.688e-14 | 6.56e-01 | Rax=6.0091 Rbnd=5.5586
  -> CONVERGED at iter 1617
 1617 |   9.897e-13   2.981e-13   8.593e-14 | 6.56e-01 | Rax=6.0091 Rbnd=5.5586
transform timing: unavailable during CUDA Graph replay
  stage arena: 135 spans, peak 46176760 bytes (44.04 MiB), reserved 46225776 bytes

=== grid stage 3/3: ns=99 mnmax=156 max_iter=5000 ftol=1e-12 ===
  interpolateState: ns=66 -> ns=99 (linear in s, scalxc-scaled odd-m)
  profiles: ns=99 phip=2.769296e-01 lamscale=2.769296e-01 maxToroidalFlux=2.769296e-01
knobs: max_iter=5000 delt0=1.000 dtau_floor=0.000e+00

 ITER |    FSQR        FSQZ        FSQL    |   DELT
------+------------------------------------+----------
  -> BAD JACOBIAN (iter2=4) delt=9.000e-01
    4 |   9.108e-03   4.085e-03   1.048e-05 | 9.00e-01 | Rax=6.0091 Rbnd=5.5586
  -> BAD JACOBIAN (iter2=7) delt=8.100e-01
    7 |   2.098e-03   1.307e-03   2.465e-06 | 8.10e-01 | Rax=6.0091 Rbnd=5.5586
  -> BAD JACOBIAN (iter2=10) delt=7.290e-01
   10 |   1.146e-03   9.176e-04   7.309e-07 | 7.29e-01 | Rax=6.0091 Rbnd=5.5586
  -> BAD JACOBIAN (iter2=14) delt=6.561e-01
   14 |   1.083e-03   7.475e-04   1.197e-06 | 6.56e-01 | Rax=6.0091 Rbnd=5.5586
  -> BAD JACOBIAN (iter2=19) delt=5.905e-01
   19 |   8.441e-04   4.211e-04   6.039e-07 | 5.90e-01 | Rax=6.0091 Rbnd=5.5586
  -> BAD JACOBIAN (iter2=31) delt=5.314e-01
   31 |   3.658e-04   2.343e-04   3.246e-07 | 5.31e-01 | Rax=6.0091 Rbnd=5.5586
  131 |   9.374e-08   4.020e-08   6.355e-11 | 5.31e-01 | Rax=6.0091 Rbnd=5.5586
  231 |   5.111e-09   1.893e-09   6.138e-12 | 5.31e-01 | Rax=6.0091 Rbnd=5.5586
  331 |   8.728e-10   2.926e-10   1.874e-12 | 5.31e-01 | Rax=6.0091 Rbnd=5.5586
  431 |   2.838e-10   1.013e-10   9.357e-13 | 5.31e-01 | Rax=6.0091 Rbnd=5.5586
  531 |   1.123e-10   4.273e-11   5.745e-13 | 5.31e-01 | Rax=6.0091 Rbnd=5.5586
  631 |   5.686e-11   2.185e-11   4.285e-13 | 5.31e-01 | Rax=6.0091 Rbnd=5.5586
  731 |   3.714e-11   1.314e-11   3.367e-13 | 5.31e-01 | Rax=6.0091 Rbnd=5.5586
  831 |   2.493e-11   8.986e-12   2.849e-13 | 5.31e-01 | Rax=6.0091 Rbnd=5.5586
  931 |   1.780e-11   6.663e-12   2.290e-13 | 5.31e-01 | Rax=6.0091 Rbnd=5.5586
 1031 |   1.443e-11   5.208e-12   1.716e-13 | 5.31e-01 | Rax=6.0091 Rbnd=5.5586
 1131 |   1.207e-11   4.111e-12   1.342e-13 | 5.31e-01 | Rax=6.0091 Rbnd=5.5586
 1231 |   8.374e-12   2.920e-12   9.646e-14 | 5.31e-01 | Rax=6.0091 Rbnd=5.5586
 1331 |   6.039e-12   2.177e-12   7.587e-14 | 5.31e-01 | Rax=6.0091 Rbnd=5.5586
 1431 |   4.210e-12   1.448e-12   6.119e-14 | 5.31e-01 | Rax=6.0091 Rbnd=5.5586
 1531 |   3.203e-12   1.149e-12   4.790e-14 | 5.31e-01 | Rax=6.0091 Rbnd=5.5586
 1631 |   2.316e-12   8.732e-13   3.924e-14 | 5.31e-01 | Rax=6.0091 Rbnd=5.5586
 1731 |   2.027e-12   7.379e-13   3.322e-14 | 5.31e-01 | Rax=6.0091 Rbnd=5.5586
 1831 |   1.652e-12   6.097e-13   2.714e-14 | 5.31e-01 | Rax=6.0091 Rbnd=5.5586
 1931 |   1.279e-12   4.965e-13   2.179e-14 | 5.31e-01 | Rax=6.0091 Rbnd=5.5586
  -> CONVERGED at iter 2011
 2011 |   9.778e-13   3.909e-13   1.765e-14 | 5.31e-01 | Rax=6.0091 Rbnd=5.5586
transform timing: unavailable during CUDA Graph replay
  stage arena: 135 spans, peak 69318728 bytes (66.11 MiB), reserved 69367224 bytes
Saved .bin state to /lustre/qzhong/magnetic-equilibrium-solver/tmp/cumes-optimization-slides-20260907/cli-w7x-multigrid-v1.1-2.bin

========================================
  Solver Result
========================================
  Status:     CONVERGED
  Iterations: 2011
  FSQR:       9.778e-13
  FSQZ:       3.909e-13
  FSQL:       1.765e-14

  R_00 radial profile:
  j  |  R_00
  ---+--------
   0 |   5.644885
   1 |   5.643934
   2 |   5.642916
   3 |   5.641878
   4 |   5.640838
   5 |   5.639803
   6 |   5.638777
   7 |   5.637760
   8 |   5.636750
   9 |   5.635748
  10 |   5.634751
  11 |   5.633760
  12 |   5.632774
  13 |   5.631793
  14 |   5.630816
  15 |   5.629843
  16 |   5.628874
  17 |   5.627909
  18 |   5.626947
  19 |   5.625989
  20 |   5.625035
  21 |   5.624084
  22 |   5.623138
  23 |   5.622195
  24 |   5.621255
  25 |   5.620319
  26 |   5.619388
  27 |   5.618459
  28 |   5.617535
  29 |   5.616614
  30 |   5.615698
  31 |   5.614784
  32 |   5.613875
  33 |   5.612970
  34 |   5.612068
  35 |   5.611171
  36 |   5.610276
  37 |   5.609386
  38 |   5.608500
  39 |   5.607617
  40 |   5.606738
  41 |   5.605862
  42 |   5.604990
  43 |   5.604122
  44 |   5.603257
  45 |   5.602395
  46 |   5.601537
  47 |   5.600682
  48 |   5.599830
  49 |   5.598981
  50 |   5.598135
  51 |   5.597292
  52 |   5.596452
  53 |   5.595615
  54 |   5.594780
  55 |   5.593947
  56 |   5.593117
  57 |   5.592289
  58 |   5.591463
  59 |   5.590639
  60 |   5.589816
  61 |   5.588995
  62 |   5.588176
  63 |   5.587358
  64 |   5.586541
  65 |   5.585725
  66 |   5.584909
  67 |   5.584095
  68 |   5.583281
  69 |   5.582467
  70 |   5.581654
  71 |   5.580841
  72 |   5.580027
  73 |   5.579214
  74 |   5.578400
  75 |   5.577586
  76 |   5.576772
  77 |   5.575957
  78 |   5.575141
  79 |   5.574324
  80 |   5.573507
  81 |   5.572688
  82 |   5.571869
  83 |   5.571048
  84 |   5.570227
  85 |   5.569404
  86 |   5.568580
  87 |   5.567755
  88 |   5.566929
  89 |   5.566101
  90 |   5.565272
  91 |   5.564442
  92 |   5.563611
  93 |   5.562779
  94 |   5.561945
  95 |   5.561111
  96 |   5.560275
  97 |   5.559438
  98 |   5.558600

  Axis (j=0) and Boundary (j=98):
  Mode | m  n |   rmncc(ax)  rmncc(bdy)  zmnsc(ax)  zmnsc(bdy)
  ------+-------+-------------------------------------------
     0 | 0 0 |   5.644885   5.558600   0.000000   0.000000
     1 | 0 1 |   0.351756   0.264470   0.000000   0.000000
     2 | 0 2 |   0.012217   0.001695   0.000000   0.000000
     3 | 0 3 |   0.000625  -0.000947   0.000000   0.000000
     4 | 0 4 |  -0.000323  -0.001762   0.000000   0.000000
     5 | 0 5 |  -0.000015   0.000046   0.000000   0.000000
     6 | 0 6 |  -0.000088  -0.000234   0.000000   0.000000
     7 | 0 7 |   0.000066   0.000000   0.000000   0.000000
     8 | 0 8 |   0.000021   0.000000   0.000000   0.000000
     9 | 0 9 |  -0.000007   0.000000   0.000000   0.000000
    10 | 0 10 |  -0.000001   0.000000   0.000000   0.000000
    11 | 0 11 |   0.000001   0.000000   0.000000   0.000000
multigrid: total effective iterations over 3 grids = 5505

Done.
